============================= test session starts =============================
platform win32 -- Python 3.11.14, pytest-8.4.1, pluggy-1.6.0
rootdir: D:\housing-regression-ml
configfile: pyproject.toml
plugins: anyio-4.10.0, Faker-37.5.3
collected 1 item

tests\test_training.py F                                                 [100%]

================================== FAILURES ===================================
_________________________ test_tune_saves_best_model __________________________

self = <mlflow.tracking._tracking_service.registry.TrackingStoreRegistry object at 0x000000003A270490>
store_uri = 'C:\\Users\\AYUSH\\AppData\\Local\\Temp\\pytest-of-AYUSH\\pytest-3\\test_tune_saves_best_model0\\mlruns'

    def get_store_builder(self, store_uri):
        """Get a store from the registry based on the scheme of store_uri
    
        Args:
            store_uri: The store URI. If None, it will be inferred from the environment. This
                URI is used to select which tracking store implementation to instantiate
                and is passed to the constructor of the implementation.
    
        Returns:
            A function that returns an instance of
            ``mlflow.store.{tracking|model_registry}.AbstractStore`` that fulfills the store
            URI requirements.
        """
        scheme = (
            store_uri
            if store_uri in {"databricks", "databricks-uc", "uc"}
            else get_uri_scheme(store_uri)
        )
        try:
>           store_builder = self._registry[scheme]
                            ^^^^^^^^^^^^^^^^^^^^^^
E           KeyError: 'c'

.venv\Lib\site-packages\mlflow\tracking\registry.py:81: KeyError

During handling of the above exception, another exception occurred:

tmp_path = WindowsPath('C:/Users/AYUSH/AppData/Local/Temp/pytest-of-AYUSH/pytest-3/test_tune_saves_best_model0')

    def test_tune_saves_best_model(tmp_path):
        model_out = tmp_path / "xgb_best.pkl"
        tracking_dir = tmp_path / "mlruns"
>       best_params, best_metrics = tune_model(
            train_path=TRAIN_PATH,
            eval_path=EVAL_PATH,
            model_output=model_out,
            n_trials=2,
            sample_frac=0.02,
            tracking_uri=str(tracking_dir),
            experiment_name="test_xgb_optuna",
        )

tests\test_training.py:56: 
_ _ _ _ _ _ _ _ _ _ _ _ _ _ _ _ _ _ _ _ _ _ _ _ _ _ _ _ _ _ _ _ _ _ _ _ _ _ _ _
src\training_pipeline\tune.py:67: in tune_model
    mlflow.set_experiment(experiment_name)
.venv\Lib\site-packages\mlflow\tracking\fluent.py:179: in set_experiment
    client = TrackingServiceClient(_resolve_tracking_uri())
             ^^^^^^^^^^^^^^^^^^^^^^^^^^^^^^^^^^^^^^^^^^^^^^
.venv\Lib\site-packages\mlflow\tracking\_tracking_service\client.py:77: in __init__
    self.store
.venv\Lib\site-packages\mlflow\tracking\_tracking_service\client.py:81: in store
    return utils._get_store(self.tracking_uri)
           ^^^^^^^^^^^^^^^^^^^^^^^^^^^^^^^^^^^
.venv\Lib\site-packages\mlflow\tracking\_tracking_service\utils.py:215: in _get_store
    return _tracking_store_registry.get_store(store_uri, artifact_uri)
           ^^^^^^^^^^^^^^^^^^^^^^^^^^^^^^^^^^^^^^^^^^^^^^^^^^^^^^^^^^^
.venv\Lib\site-packages\mlflow\tracking\_tracking_service\registry.py:45: in get_store
    return self._get_store_with_resolved_uri(resolved_store_uri, artifact_uri)
           ^^^^^^^^^^^^^^^^^^^^^^^^^^^^^^^^^^^^^^^^^^^^^^^^^^^^^^^^^^^^^^^^^^^
.venv\Lib\site-packages\mlflow\tracking\_tracking_service\registry.py:55: in _get_store_with_resolved_uri
    builder = self.get_store_builder(resolved_store_uri)
              ^^^^^^^^^^^^^^^^^^^^^^^^^^^^^^^^^^^^^^^^^^
_ _ _ _ _ _ _ _ _ _ _ _ _ _ _ _ _ _ _ _ _ _ _ _ _ _ _ _ _ _ _ _ _ _ _ _ _ _ _ _

self = <mlflow.tracking._tracking_service.registry.TrackingStoreRegistry object at 0x000000003A270490>
store_uri = 'C:\\Users\\AYUSH\\AppData\\Local\\Temp\\pytest-of-AYUSH\\pytest-3\\test_tune_saves_best_model0\\mlruns'

    def get_store_builder(self, store_uri):
        """Get a store from the registry based on the scheme of store_uri
    
        Args:
            store_uri: The store URI. If None, it will be inferred from the environment. This
                URI is used to select which tracking store implementation to instantiate
                and is passed to the constructor of the implementation.
    
        Returns:
            A function that returns an instance of
            ``mlflow.store.{tracking|model_registry}.AbstractStore`` that fulfills the store
            URI requirements.
        """
        scheme = (
            store_uri
            if store_uri in {"databricks", "databricks-uc", "uc"}
            else get_uri_scheme(store_uri)
        )
        try:
            store_builder = self._registry[scheme]
        except KeyError:
>           raise UnsupportedModelRegistryStoreURIException(
                unsupported_uri=store_uri, supported_uri_schemes=list(self._registry.keys())
            )
E           mlflow.tracking.registry.UnsupportedModelRegistryStoreURIException:  Model registry functionality is unavailable; got unsupported URI 'C:\Users\AYUSH\AppData\Local\Temp\pytest-of-AYUSH\pytest-3\test_tune_saves_best_model0\mlruns' for model registry data storage. Supported URI schemes are: ['', 'file', 'databricks', 'databricks-uc', 'uc', 'http', 'https', 'postgresql', 'mysql', 'sqlite', 'mssql']. See https://www.mlflow.org/docs/latest/tracking.html#storage for how to run an MLflow server against one of the supported backend storage locations.

.venv\Lib\site-packages\mlflow\tracking\registry.py:83: UnsupportedModelRegistryStoreURIException
=========================== short test summary info ===========================
FAILED tests/test_training.py::test_tune_saves_best_model - mlflow.tracking.r...
============================== 1 failed in 5.08s ==============================
